[2026-02-23 21:41:21.915] [jointLog] [info] setting maxHashResizeThreads to 12
[2026-02-23 21:41:21.915] [jointLog] [info] Fragment incompatibility prior below threshold.  Incompatible fragments will be ignored.
[2026-02-23 21:41:21.915] [jointLog] [info] Usage of --validateMappings implies use of minScoreFraction. Since not explicitly specified, it is being set to 0.65
[2026-02-23 21:41:21.915] [jointLog] [info] Setting consensusSlack to selective-alignment default of 0.35.
[2026-02-23 21:41:21.915] [jointLog] [info] parsing read library format
[2026-02-23 21:41:21.915] [jointLog] [info] There is 1 library.
[2026-02-23 21:41:21.915] [jointLog] [info] Loading pufferfish index
[2026-02-23 21:41:21.915] [jointLog] [info] Loading dense pufferfish index.
[2026-02-23 21:41:21.938] [jointLog] [info] done
[2026-02-23 21:41:21.950] [jointLog] [info] Index contained 6,109 targets
[2026-02-23 21:41:21.950] [jointLog] [info] Number of decoys : 17
[2026-02-23 21:41:21.950] [jointLog] [info] First decoy index : 6,092 
[2026-02-23 21:41:21.981] [jointLog] [info] Automatically detected most likely library type as U

[2026-02-23 21:41:25.994] [fileLog] [info] 
At end of round 0
==================
Observed 8605791 total fragments (8605791 in most recent round)

[2026-02-23 21:41:25.993] [jointLog] [info] Computed 6,548 rich equivalence classes for further processing
[2026-02-23 21:41:25.993] [jointLog] [info] Counted 7,246,476 total reads in the equivalence classes 
[2026-02-23 21:41:25.997] [jointLog] [info] Number of mappings discarded because of alignment score : 84,875
[2026-02-23 21:41:25.997] [jointLog] [info] Number of fragments entirely discarded because of alignment score : 111,244
[2026-02-23 21:41:25.997] [jointLog] [info] Number of fragments discarded because they are best-mapped to decoys : 102,062
[2026-02-23 21:41:25.997] [jointLog] [info] Number of fragments discarded because they have only dovetail (discordant) mappings to valid targets : 0
[2026-02-23 21:41:25.997] [jointLog] [info] Mapping rate = 84.2046%

[2026-02-23 21:41:25.997] [jointLog] [info] finished quantifyLibrary()
[2026-02-23 21:41:25.999] [jointLog] [info] Starting optimizer
[2026-02-23 21:41:26.000] [jointLog] [info] Marked 0 weighted equivalence classes as degenerate
[2026-02-23 21:41:26.000] [jointLog] [info] iteration = 0 | max rel diff. = 7864.65
[2026-02-23 21:41:26.012] [jointLog] [info] iteration = 100 | max rel diff. = 0.621749
[2026-02-23 21:41:26.019] [jointLog] [info] iteration = 166 | max rel diff. = 0.00272225
[2026-02-23 21:41:26.019] [jointLog] [info] Finished optimizer
[2026-02-23 21:41:26.019] [jointLog] [info] writing output 

