[2026-02-23 21:41:48.372] [jointLog] [info] setting maxHashResizeThreads to 12
[2026-02-23 21:41:48.372] [jointLog] [info] Fragment incompatibility prior below threshold.  Incompatible fragments will be ignored.
[2026-02-23 21:41:48.372] [jointLog] [info] Usage of --validateMappings implies use of minScoreFraction. Since not explicitly specified, it is being set to 0.65
[2026-02-23 21:41:48.372] [jointLog] [info] Setting consensusSlack to selective-alignment default of 0.35.
[2026-02-23 21:41:48.372] [jointLog] [info] parsing read library format
[2026-02-23 21:41:48.372] [jointLog] [info] There is 1 library.
[2026-02-23 21:41:48.372] [jointLog] [info] Loading pufferfish index
[2026-02-23 21:41:48.372] [jointLog] [info] Loading dense pufferfish index.
[2026-02-23 21:41:48.397] [jointLog] [info] done
[2026-02-23 21:41:48.408] [jointLog] [info] Index contained 6,109 targets
[2026-02-23 21:41:48.408] [jointLog] [info] Number of decoys : 17
[2026-02-23 21:41:48.408] [jointLog] [info] First decoy index : 6,092 
[2026-02-23 21:41:48.438] [jointLog] [info] Automatically detected most likely library type as U

[2026-02-23 21:41:51.130] [jointLog] [info] Computed 6,594 rich equivalence classes for further processing
[2026-02-23 21:41:51.130] [jointLog] [info] Counted 6,177,422 total reads in the equivalence classes 
[2026-02-23 21:41:51.133] [jointLog] [info] Number of mappings discarded because of alignment score : 29,423
[2026-02-23 21:41:51.133] [jointLog] [info] Number of fragments entirely discarded because of alignment score : 55,095
[2026-02-23 21:41:51.133] [jointLog] [info] Number of fragments discarded because they are best-mapped to decoys : 50,526
[2026-02-23 21:41:51.133] [jointLog] [info] Number of fragments discarded because they have only dovetail (discordant) mappings to valid targets : 0
[2026-02-23 21:41:51.133] [jointLog] [info] Mapping rate = 86.4483%

[2026-02-23 21:41:51.133] [jointLog] [info] finished quantifyLibrary()
[2026-02-23 21:41:51.134] [jointLog] [info] Starting optimizer
[2026-02-23 21:41:51.134] [jointLog] [info] Marked 0 weighted equivalence classes as degenerate
[2026-02-23 21:41:51.134] [jointLog] [info] iteration = 0 | max rel diff. = 6874.2
[2026-02-23 21:41:51.147] [jointLog] [info] iteration = 100 | max rel diff. = 0.197332
[2026-02-23 21:41:51.149] [jointLog] [info] iteration = 119 | max rel diff. = 0.00596119
[2026-02-23 21:41:51.149] [jointLog] [info] Finished optimizer
[2026-02-23 21:41:51.149] [jointLog] [info] writing output 

[2026-02-23 21:41:51.130] [fileLog] [info] 
At end of round 0
==================
Observed 7145803 total fragments (7145803 in most recent round)

