[2026-02-23 21:41:36.669] [jointLog] [info] setting maxHashResizeThreads to 12
[2026-02-23 21:41:36.669] [jointLog] [info] Fragment incompatibility prior below threshold.  Incompatible fragments will be ignored.
[2026-02-23 21:41:36.669] [jointLog] [info] Usage of --validateMappings implies use of minScoreFraction. Since not explicitly specified, it is being set to 0.65
[2026-02-23 21:41:36.669] [jointLog] [info] Setting consensusSlack to selective-alignment default of 0.35.
[2026-02-23 21:41:36.669] [jointLog] [info] parsing read library format
[2026-02-23 21:41:36.669] [jointLog] [info] There is 1 library.
[2026-02-23 21:41:36.669] [jointLog] [info] Loading pufferfish index
[2026-02-23 21:41:36.669] [jointLog] [info] Loading dense pufferfish index.
[2026-02-23 21:41:36.695] [jointLog] [info] done
[2026-02-23 21:41:36.706] [jointLog] [info] Index contained 6,109 targets
[2026-02-23 21:41:36.706] [jointLog] [info] Number of decoys : 17
[2026-02-23 21:41:36.706] [jointLog] [info] First decoy index : 6,092 
[2026-02-23 21:41:36.737] [jointLog] [info] Automatically detected most likely library type as U

[2026-02-23 21:41:38.914] [jointLog] [info] Computed 6,588 rich equivalence classes for further processing
[2026-02-23 21:41:38.914] [jointLog] [info] Counted 4,478,542 total reads in the equivalence classes 
[2026-02-23 21:41:38.917] [jointLog] [info] Number of mappings discarded because of alignment score : 34,423
[2026-02-23 21:41:38.917] [jointLog] [info] Number of fragments entirely discarded because of alignment score : 78,738
[2026-02-23 21:41:38.917] [jointLog] [info] Number of fragments discarded because they are best-mapped to decoys : 74,814
[2026-02-23 21:41:38.917] [jointLog] [info] Number of fragments discarded because they have only dovetail (discordant) mappings to valid targets : 0
[2026-02-23 21:41:38.917] [jointLog] [warning] Only 4478542 fragments were mapped, but the number of burn-in fragments was set to 5000000.
The effective lengths have been computed using the observed mappings.

[2026-02-23 21:41:38.917] [jointLog] [info] Mapping rate = 77.7292%

[2026-02-23 21:41:38.917] [jointLog] [info] finished quantifyLibrary()
[2026-02-23 21:41:38.918] [jointLog] [info] Starting optimizer
[2026-02-23 21:41:38.918] [jointLog] [info] Marked 0 weighted equivalence classes as degenerate
[2026-02-23 21:41:38.918] [jointLog] [info] iteration = 0 | max rel diff. = 56445.2
[2026-02-23 21:41:38.930] [jointLog] [info] iteration = 100 | max rel diff. = 0.9469
[2026-02-23 21:41:38.934] [jointLog] [info] iteration = 130 | max rel diff. = 0.00363283
[2026-02-23 21:41:38.934] [jointLog] [info] Finished optimizer
[2026-02-23 21:41:38.934] [jointLog] [info] writing output 

[2026-02-23 21:41:38.914] [fileLog] [info] 
At end of round 0
==================
Observed 5761724 total fragments (5761724 in most recent round)

