[2026-02-23 21:41:33.569] [jointLog] [info] setting maxHashResizeThreads to 12
[2026-02-23 21:41:33.569] [jointLog] [info] Fragment incompatibility prior below threshold.  Incompatible fragments will be ignored.
[2026-02-23 21:41:33.569] [jointLog] [info] Usage of --validateMappings implies use of minScoreFraction. Since not explicitly specified, it is being set to 0.65
[2026-02-23 21:41:33.569] [jointLog] [info] Setting consensusSlack to selective-alignment default of 0.35.
[2026-02-23 21:41:33.569] [jointLog] [info] parsing read library format
[2026-02-23 21:41:33.569] [jointLog] [info] There is 1 library.
[2026-02-23 21:41:33.570] [jointLog] [info] Loading pufferfish index
[2026-02-23 21:41:33.570] [jointLog] [info] Loading dense pufferfish index.
[2026-02-23 21:41:33.593] [jointLog] [info] done
[2026-02-23 21:41:33.604] [jointLog] [info] Index contained 6,109 targets
[2026-02-23 21:41:33.604] [jointLog] [info] Number of decoys : 17
[2026-02-23 21:41:33.604] [jointLog] [info] First decoy index : 6,092 
[2026-02-23 21:41:33.637] [jointLog] [info] Automatically detected most likely library type as U

[2026-02-23 21:41:35.797] [jointLog] [info] Computed 6,571 rich equivalence classes for further processing
[2026-02-23 21:41:35.797] [jointLog] [info] Counted 4,239,471 total reads in the equivalence classes 
[2026-02-23 21:41:35.800] [jointLog] [info] Number of mappings discarded because of alignment score : 28,082
[2026-02-23 21:41:35.800] [jointLog] [info] Number of fragments entirely discarded because of alignment score : 69,315
[2026-02-23 21:41:35.800] [jointLog] [info] Number of fragments discarded because they are best-mapped to decoys : 65,499
[2026-02-23 21:41:35.800] [jointLog] [info] Number of fragments discarded because they have only dovetail (discordant) mappings to valid targets : 0
[2026-02-23 21:41:35.800] [jointLog] [warning] Only 4239471 fragments were mapped, but the number of burn-in fragments was set to 5000000.
The effective lengths have been computed using the observed mappings.

[2026-02-23 21:41:35.800] [jointLog] [info] Mapping rate = 74.8447%

[2026-02-23 21:41:35.800] [jointLog] [info] finished quantifyLibrary()
[2026-02-23 21:41:35.801] [jointLog] [info] Starting optimizer
[2026-02-23 21:41:35.801] [jointLog] [info] Marked 0 weighted equivalence classes as degenerate
[2026-02-23 21:41:35.802] [jointLog] [info] iteration = 0 | max rel diff. = 21684.9
[2026-02-23 21:41:35.814] [jointLog] [info] iteration = 100 | max rel diff. = 0.0513305
[2026-02-23 21:41:35.817] [jointLog] [info] iteration = 129 | max rel diff. = 0.00285079
[2026-02-23 21:41:35.817] [jointLog] [info] Finished optimizer
[2026-02-23 21:41:35.817] [jointLog] [info] writing output 

[2026-02-23 21:41:35.797] [fileLog] [info] 
At end of round 0
==================
Observed 5664357 total fragments (5664357 in most recent round)

