[2026-02-19 10:40:16.967] [puff::index::jointLog] [info] Running fixFasta
[2026-02-19 10:40:17.118] [puff::index::jointLog] [warning] Removed 218 transcripts that were sequence duplicates of indexed transcripts.
[2026-02-19 10:40:17.119] [puff::index::jointLog] [warning] If you wish to retain duplicate transcripts, please use the `--keepDuplicates` flag
[2026-02-19 10:40:17.120] [puff::index::jointLog] [info] Replaced 2 non-ATCG nucleotides
[2026-02-19 10:40:17.120] [puff::index::jointLog] [info] Clipped poly-A tails from 0 transcripts
[2026-02-19 10:40:17.138] [puff::index::jointLog] [info] Filter size not provided; estimating from number of distinct k-mers
[2026-02-19 10:40:17.272] [puff::index::jointLog] [info] ntHll estimated 11296445 distinct k-mers, setting filter size to 2^28
[2026-02-19 10:40:18.878] [puff::index::jointLog] [info] Starting the Pufferfish indexing by reading the GFA binary file.
[2026-02-19 10:40:18.879] [puff::index::jointLog] [info] Setting the index/BinaryGfa directory index
[2026-02-19 10:40:18.886] [puff::index::jointLog] [info] Done wrapping the rank vector with a rank9sel structure.
[2026-02-19 10:40:18.886] [puff::index::jointLog] [info] contig count for validation: 17,893
[2026-02-19 10:40:18.887] [puff::index::jointLog] [info] Total # of Contigs : 17,893
[2026-02-19 10:40:18.887] [puff::index::jointLog] [info] Total # of numerical Contigs : 17,893
[2026-02-19 10:40:18.888] [puff::index::jointLog] [info] Total # of contig vec entries: 43,611
[2026-02-19 10:40:18.888] [puff::index::jointLog] [info] bits per offset entry 16
[2026-02-19 10:40:18.888] [puff::index::jointLog] [info] Done constructing the contig vector. 17894
[2026-02-19 10:40:18.889] [puff::index::jointLog] [info] # segments = 17,893
[2026-02-19 10:40:18.889] [puff::index::jointLog] [info] total length = 11,931,505
[2026-02-19 10:40:18.889] [puff::index::jointLog] [info] Reading the reference files ...
[2026-02-19 10:40:18.930] [puff::index::jointLog] [info] positional integer width = 24
[2026-02-19 10:40:18.930] [puff::index::jointLog] [info] seqSize = 11,931,505
[2026-02-19 10:40:18.930] [puff::index::jointLog] [info] rankSize = 11,931,505
[2026-02-19 10:40:18.930] [puff::index::jointLog] [info] edgeVecSize = 0
[2026-02-19 10:40:18.930] [puff::index::jointLog] [info] num keys = 11,394,715
[2026-02-19 10:40:19.092] [puff::index::jointLog] [info] mphf size = 7.11804 MB
[2026-02-19 10:40:19.094] [puff::index::jointLog] [info] chunk size = 994,293
[2026-02-19 10:40:19.094] [puff::index::jointLog] [info] chunk 0 = [0, 994,293)
[2026-02-19 10:40:19.094] [puff::index::jointLog] [info] chunk 1 = [994,293, 1,988,586)
[2026-02-19 10:40:19.094] [puff::index::jointLog] [info] chunk 2 = [1,988,586, 2,982,898)
[2026-02-19 10:40:19.094] [puff::index::jointLog] [info] chunk 3 = [2,982,898, 3,977,191)
[2026-02-19 10:40:19.094] [puff::index::jointLog] [info] chunk 4 = [3,977,191, 4,971,484)
[2026-02-19 10:40:19.094] [puff::index::jointLog] [info] chunk 5 = [4,971,484, 5,965,777)
[2026-02-19 10:40:19.094] [puff::index::jointLog] [info] chunk 6 = [5,965,777, 6,960,070)
[2026-02-19 10:40:19.094] [puff::index::jointLog] [info] chunk 7 = [6,960,070, 7,954,363)
[2026-02-19 10:40:19.094] [puff::index::jointLog] [info] chunk 8 = [7,954,363, 8,948,656)
[2026-02-19 10:40:19.094] [puff::index::jointLog] [info] chunk 9 = [8,948,656, 9,942,949)
[2026-02-19 10:40:19.094] [puff::index::jointLog] [info] chunk 10 = [9,942,949, 10,937,242)
[2026-02-19 10:40:19.094] [puff::index::jointLog] [info] chunk 11 = [10,937,242, 11,931,475)
[2026-02-19 10:40:19.161] [puff::index::jointLog] [info] finished populating pos vector
[2026-02-19 10:40:19.161] [puff::index::jointLog] [info] writing index components
[2026-02-19 10:40:19.190] [puff::index::jointLog] [info] finished writing dense pufferfish index
[2026-02-23 21:40:53.705] [puff::index::jointLog] [info] Running fixFasta
[2026-02-23 21:40:53.857] [puff::index::jointLog] [warning] Removed 46 transcripts that were sequence duplicates of indexed transcripts.
[2026-02-23 21:40:53.857] [puff::index::jointLog] [warning] If you wish to retain duplicate transcripts, please use the `--keepDuplicates` flag
[2026-02-23 21:40:53.858] [puff::index::jointLog] [info] Replaced 0 non-ATCG nucleotides
[2026-02-23 21:40:53.858] [puff::index::jointLog] [info] Clipped poly-A tails from 0 transcripts
[2026-02-23 21:40:53.877] [puff::index::jointLog] [info] Filter size not provided; estimating from number of distinct k-mers
[2026-02-23 21:40:54.017] [puff::index::jointLog] [info] ntHll estimated 11512632 distinct k-mers, setting filter size to 2^28
[2026-02-23 21:40:55.675] [puff::index::jointLog] [info] Starting the Pufferfish indexing by reading the GFA binary file.
[2026-02-23 21:40:55.676] [puff::index::jointLog] [info] Setting the index/BinaryGfa directory index
[2026-02-23 21:40:55.684] [puff::index::jointLog] [info] Done wrapping the rank vector with a rank9sel structure.
[2026-02-23 21:40:55.684] [puff::index::jointLog] [info] contig count for validation: 23,946
[2026-02-23 21:40:55.685] [puff::index::jointLog] [info] Total # of Contigs : 23,946
[2026-02-23 21:40:55.685] [puff::index::jointLog] [info] Total # of numerical Contigs : 23,946
[2026-02-23 21:40:55.685] [puff::index::jointLog] [info] Total # of contig vec entries: 96,248
[2026-02-23 21:40:55.685] [puff::index::jointLog] [info] bits per offset entry 17
[2026-02-23 21:40:55.686] [puff::index::jointLog] [info] Done constructing the contig vector. 23947
[2026-02-23 21:40:55.687] [puff::index::jointLog] [info] # segments = 23,946
[2026-02-23 21:40:55.687] [puff::index::jointLog] [info] total length = 12,288,048
[2026-02-23 21:40:55.688] [puff::index::jointLog] [info] Reading the reference files ...
[2026-02-23 21:40:55.730] [puff::index::jointLog] [info] positional integer width = 24
[2026-02-23 21:40:55.730] [puff::index::jointLog] [info] seqSize = 12,288,048
[2026-02-23 21:40:55.730] [puff::index::jointLog] [info] rankSize = 12,288,048
[2026-02-23 21:40:55.730] [puff::index::jointLog] [info] edgeVecSize = 0
[2026-02-23 21:40:55.730] [puff::index::jointLog] [info] num keys = 11,569,668
[2026-02-23 21:40:55.896] [puff::index::jointLog] [info] mphf size = 7.22732 MB
[2026-02-23 21:40:55.898] [puff::index::jointLog] [info] chunk size = 1,024,004
[2026-02-23 21:40:55.898] [puff::index::jointLog] [info] chunk 0 = [0, 1,024,004)
[2026-02-23 21:40:55.898] [puff::index::jointLog] [info] chunk 1 = [1,024,004, 2,048,021)
[2026-02-23 21:40:55.898] [puff::index::jointLog] [info] chunk 2 = [2,048,021, 3,072,025)
[2026-02-23 21:40:55.898] [puff::index::jointLog] [info] chunk 3 = [3,072,025, 4,096,029)
[2026-02-23 21:40:55.898] [puff::index::jointLog] [info] chunk 4 = [4,096,029, 5,120,033)
[2026-02-23 21:40:55.898] [puff::index::jointLog] [info] chunk 5 = [5,120,033, 6,144,037)
[2026-02-23 21:40:55.898] [puff::index::jointLog] [info] chunk 6 = [6,144,037, 7,168,041)
[2026-02-23 21:40:55.898] [puff::index::jointLog] [info] chunk 7 = [7,168,041, 8,192,045)
[2026-02-23 21:40:55.898] [puff::index::jointLog] [info] chunk 8 = [8,192,045, 9,216,049)
[2026-02-23 21:40:55.898] [puff::index::jointLog] [info] chunk 9 = [9,216,049, 10,240,053)
[2026-02-23 21:40:55.898] [puff::index::jointLog] [info] chunk 10 = [10,240,053, 11,264,057)
[2026-02-23 21:40:55.898] [puff::index::jointLog] [info] chunk 11 = [11,264,057, 12,288,018)
[2026-02-23 21:40:55.975] [puff::index::jointLog] [info] finished populating pos vector
[2026-02-23 21:40:55.975] [puff::index::jointLog] [info] writing index components
[2026-02-23 21:40:55.989] [puff::index::jointLog] [info] finished writing dense pufferfish index
