[2026-02-23 21:41:45.500] [jointLog] [info] setting maxHashResizeThreads to 12
[2026-02-23 21:41:45.500] [jointLog] [info] Fragment incompatibility prior below threshold.  Incompatible fragments will be ignored.
[2026-02-23 21:41:45.500] [jointLog] [info] Usage of --validateMappings implies use of minScoreFraction. Since not explicitly specified, it is being set to 0.65
[2026-02-23 21:41:45.500] [jointLog] [info] Setting consensusSlack to selective-alignment default of 0.35.
[2026-02-23 21:41:45.500] [jointLog] [info] parsing read library format
[2026-02-23 21:41:45.500] [jointLog] [info] There is 1 library.
[2026-02-23 21:41:45.500] [jointLog] [info] Loading pufferfish index
[2026-02-23 21:41:45.500] [jointLog] [info] Loading dense pufferfish index.
[2026-02-23 21:41:45.525] [jointLog] [info] done
[2026-02-23 21:41:45.536] [jointLog] [info] Index contained 6,109 targets
[2026-02-23 21:41:45.536] [jointLog] [info] Number of decoys : 17
[2026-02-23 21:41:45.536] [jointLog] [info] First decoy index : 6,092 
[2026-02-23 21:41:45.567] [jointLog] [info] Automatically detected most likely library type as U

[2026-02-23 21:41:48.043] [fileLog] [info] 
At end of round 0
==================
Observed 6534074 total fragments (6534074 in most recent round)

[2026-02-23 21:41:48.043] [jointLog] [info] Computed 6,621 rich equivalence classes for further processing
[2026-02-23 21:41:48.043] [jointLog] [info] Counted 5,600,503 total reads in the equivalence classes 
[2026-02-23 21:41:48.046] [jointLog] [info] Number of mappings discarded because of alignment score : 32,318
[2026-02-23 21:41:48.046] [jointLog] [info] Number of fragments entirely discarded because of alignment score : 56,435
[2026-02-23 21:41:48.046] [jointLog] [info] Number of fragments discarded because they are best-mapped to decoys : 52,242
[2026-02-23 21:41:48.046] [jointLog] [info] Number of fragments discarded because they have only dovetail (discordant) mappings to valid targets : 0
[2026-02-23 21:41:48.046] [jointLog] [info] Mapping rate = 85.7123%

[2026-02-23 21:41:48.046] [jointLog] [info] finished quantifyLibrary()
[2026-02-23 21:41:48.046] [jointLog] [info] Starting optimizer
[2026-02-23 21:41:48.047] [jointLog] [info] Marked 0 weighted equivalence classes as degenerate
[2026-02-23 21:41:48.047] [jointLog] [info] iteration = 0 | max rel diff. = 5630.74
[2026-02-23 21:41:48.059] [jointLog] [info] iteration = 100 | max rel diff. = 0.840918
[2026-02-23 21:41:48.063] [jointLog] [info] iteration = 133 | max rel diff. = 0.00723448
[2026-02-23 21:41:48.063] [jointLog] [info] Finished optimizer
[2026-02-23 21:41:48.063] [jointLog] [info] writing output 

