[2026-02-23 21:41:26.288] [jointLog] [info] setting maxHashResizeThreads to 12
[2026-02-23 21:41:26.288] [jointLog] [info] Fragment incompatibility prior below threshold.  Incompatible fragments will be ignored.
[2026-02-23 21:41:26.288] [jointLog] [info] Usage of --validateMappings implies use of minScoreFraction. Since not explicitly specified, it is being set to 0.65
[2026-02-23 21:41:26.288] [jointLog] [info] Setting consensusSlack to selective-alignment default of 0.35.
[2026-02-23 21:41:26.288] [jointLog] [info] parsing read library format
[2026-02-23 21:41:26.288] [jointLog] [info] There is 1 library.
[2026-02-23 21:41:26.288] [jointLog] [info] Loading pufferfish index
[2026-02-23 21:41:26.288] [jointLog] [info] Loading dense pufferfish index.
[2026-02-23 21:41:26.313] [jointLog] [info] done
[2026-02-23 21:41:26.325] [jointLog] [info] Index contained 6,109 targets
[2026-02-23 21:41:26.325] [jointLog] [info] Number of decoys : 17
[2026-02-23 21:41:26.325] [jointLog] [info] First decoy index : 6,092 
[2026-02-23 21:41:26.355] [jointLog] [info] Automatically detected most likely library type as U

[2026-02-23 21:41:28.849] [fileLog] [info] 
At end of round 0
==================
Observed 6591390 total fragments (6591390 in most recent round)

[2026-02-23 21:41:28.849] [jointLog] [info] Computed 6,460 rich equivalence classes for further processing
[2026-02-23 21:41:28.849] [jointLog] [info] Counted 5,480,288 total reads in the equivalence classes 
[2026-02-23 21:41:28.852] [jointLog] [info] Number of mappings discarded because of alignment score : 72,768
[2026-02-23 21:41:28.852] [jointLog] [info] Number of fragments entirely discarded because of alignment score : 83,474
[2026-02-23 21:41:28.852] [jointLog] [info] Number of fragments discarded because they are best-mapped to decoys : 74,850
[2026-02-23 21:41:28.852] [jointLog] [info] Number of fragments discarded because they have only dovetail (discordant) mappings to valid targets : 0
[2026-02-23 21:41:28.852] [jointLog] [info] Mapping rate = 83.1431%

[2026-02-23 21:41:28.852] [jointLog] [info] finished quantifyLibrary()
[2026-02-23 21:41:28.853] [jointLog] [info] Starting optimizer
[2026-02-23 21:41:28.854] [jointLog] [info] Marked 0 weighted equivalence classes as degenerate
[2026-02-23 21:41:28.854] [jointLog] [info] iteration = 0 | max rel diff. = 10443.8
[2026-02-23 21:41:28.866] [jointLog] [info] iteration = 100 | max rel diff. = 0.0340184
[2026-02-23 21:41:28.874] [jointLog] [info] iteration = 170 | max rel diff. = 0.000664926
[2026-02-23 21:41:28.874] [jointLog] [info] Finished optimizer
[2026-02-23 21:41:28.874] [jointLog] [info] writing output 

