[2026-02-23 21:41:42.616] [jointLog] [info] setting maxHashResizeThreads to 12
[2026-02-23 21:41:42.616] [jointLog] [info] Fragment incompatibility prior below threshold.  Incompatible fragments will be ignored.
[2026-02-23 21:41:42.616] [jointLog] [info] Usage of --validateMappings implies use of minScoreFraction. Since not explicitly specified, it is being set to 0.65
[2026-02-23 21:41:42.616] [jointLog] [info] Setting consensusSlack to selective-alignment default of 0.35.
[2026-02-23 21:41:42.616] [jointLog] [info] parsing read library format
[2026-02-23 21:41:42.616] [jointLog] [info] There is 1 library.
[2026-02-23 21:41:42.616] [jointLog] [info] Loading pufferfish index
[2026-02-23 21:41:42.616] [jointLog] [info] Loading dense pufferfish index.
[2026-02-23 21:41:42.642] [jointLog] [info] done
[2026-02-23 21:41:42.652] [jointLog] [info] Index contained 6,109 targets
[2026-02-23 21:41:42.652] [jointLog] [info] Number of decoys : 17
[2026-02-23 21:41:42.652] [jointLog] [info] First decoy index : 6,092 
[2026-02-23 21:41:42.682] [jointLog] [info] Automatically detected most likely library type as U

[2026-02-23 21:41:45.129] [fileLog] [info] 
At end of round 0
==================
Observed 6388396 total fragments (6388396 in most recent round)

[2026-02-23 21:41:45.129] [jointLog] [info] Computed 6,569 rich equivalence classes for further processing
[2026-02-23 21:41:45.129] [jointLog] [info] Counted 5,528,445 total reads in the equivalence classes 
[2026-02-23 21:41:45.133] [jointLog] [info] Number of mappings discarded because of alignment score : 33,992
[2026-02-23 21:41:45.133] [jointLog] [info] Number of fragments entirely discarded because of alignment score : 50,664
[2026-02-23 21:41:45.133] [jointLog] [info] Number of fragments discarded because they are best-mapped to decoys : 46,056
[2026-02-23 21:41:45.133] [jointLog] [info] Number of fragments discarded because they have only dovetail (discordant) mappings to valid targets : 0
[2026-02-23 21:41:45.133] [jointLog] [info] Mapping rate = 86.5389%

[2026-02-23 21:41:45.133] [jointLog] [info] finished quantifyLibrary()
[2026-02-23 21:41:45.134] [jointLog] [info] Starting optimizer
[2026-02-23 21:41:45.134] [jointLog] [info] Marked 0 weighted equivalence classes as degenerate
[2026-02-23 21:41:45.134] [jointLog] [info] iteration = 0 | max rel diff. = 2698.23
[2026-02-23 21:41:45.146] [jointLog] [info] iteration = 100 | max rel diff. = 2.50148
[2026-02-23 21:41:45.148] [jointLog] [info] iteration = 116 | max rel diff. = 0.00627697
[2026-02-23 21:41:45.148] [jointLog] [info] Finished optimizer
[2026-02-23 21:41:45.148] [jointLog] [info] writing output 

