[2026-02-23 21:41:39.758] [jointLog] [info] setting maxHashResizeThreads to 12
[2026-02-23 21:41:39.758] [jointLog] [info] Fragment incompatibility prior below threshold.  Incompatible fragments will be ignored.
[2026-02-23 21:41:39.758] [jointLog] [info] Usage of --validateMappings implies use of minScoreFraction. Since not explicitly specified, it is being set to 0.65
[2026-02-23 21:41:39.758] [jointLog] [info] Setting consensusSlack to selective-alignment default of 0.35.
[2026-02-23 21:41:39.758] [jointLog] [info] parsing read library format
[2026-02-23 21:41:39.758] [jointLog] [info] There is 1 library.
[2026-02-23 21:41:39.758] [jointLog] [info] Loading pufferfish index
[2026-02-23 21:41:39.758] [jointLog] [info] Loading dense pufferfish index.
[2026-02-23 21:41:39.784] [jointLog] [info] done
[2026-02-23 21:41:39.795] [jointLog] [info] Index contained 6,109 targets
[2026-02-23 21:41:39.795] [jointLog] [info] Number of decoys : 17
[2026-02-23 21:41:39.795] [jointLog] [info] First decoy index : 6,092 
[2026-02-23 21:41:39.824] [jointLog] [info] Automatically detected most likely library type as U

[2026-02-23 21:41:42.082] [fileLog] [info] 
At end of round 0
==================
Observed 6018999 total fragments (6018999 in most recent round)

[2026-02-23 21:41:42.082] [jointLog] [info] Computed 6,448 rich equivalence classes for further processing
[2026-02-23 21:41:42.082] [jointLog] [info] Counted 5,579,280 total reads in the equivalence classes 
[2026-02-23 21:41:42.085] [jointLog] [info] Number of mappings discarded because of alignment score : 17,830
[2026-02-23 21:41:42.085] [jointLog] [info] Number of fragments entirely discarded because of alignment score : 34,054
[2026-02-23 21:41:42.085] [jointLog] [info] Number of fragments discarded because they are best-mapped to decoys : 30,528
[2026-02-23 21:41:42.085] [jointLog] [info] Number of fragments discarded because they have only dovetail (discordant) mappings to valid targets : 0
[2026-02-23 21:41:42.085] [jointLog] [info] Mapping rate = 92.6945%

[2026-02-23 21:41:42.085] [jointLog] [info] finished quantifyLibrary()
[2026-02-23 21:41:42.086] [jointLog] [info] Starting optimizer
[2026-02-23 21:41:42.087] [jointLog] [info] Marked 0 weighted equivalence classes as degenerate
[2026-02-23 21:41:42.087] [jointLog] [info] iteration = 0 | max rel diff. = 26100.6
[2026-02-23 21:41:42.098] [jointLog] [info] iteration = 100 | max rel diff. = 0.00171105
[2026-02-23 21:41:42.098] [jointLog] [info] Finished optimizer
[2026-02-23 21:41:42.098] [jointLog] [info] writing output 

