[2026-02-23 21:41:29.180] [jointLog] [info] setting maxHashResizeThreads to 12
[2026-02-23 21:41:29.180] [jointLog] [info] Fragment incompatibility prior below threshold.  Incompatible fragments will be ignored.
[2026-02-23 21:41:29.180] [jointLog] [info] Usage of --validateMappings implies use of minScoreFraction. Since not explicitly specified, it is being set to 0.65
[2026-02-23 21:41:29.180] [jointLog] [info] Setting consensusSlack to selective-alignment default of 0.35.
[2026-02-23 21:41:29.180] [jointLog] [info] parsing read library format
[2026-02-23 21:41:29.180] [jointLog] [info] There is 1 library.
[2026-02-23 21:41:29.180] [jointLog] [info] Loading pufferfish index
[2026-02-23 21:41:29.180] [jointLog] [info] Loading dense pufferfish index.
[2026-02-23 21:41:29.211] [jointLog] [info] done
[2026-02-23 21:41:29.223] [jointLog] [info] Index contained 6,109 targets
[2026-02-23 21:41:29.223] [jointLog] [info] Number of decoys : 17
[2026-02-23 21:41:29.223] [jointLog] [info] First decoy index : 6,092 
[2026-02-23 21:41:29.254] [jointLog] [info] Automatically detected most likely library type as U

[2026-02-23 21:41:33.347] [fileLog] [info] 
At end of round 0
==================
Observed 8375559 total fragments (8375559 in most recent round)

[2026-02-23 21:41:33.347] [jointLog] [info] Computed 6,491 rich equivalence classes for further processing
[2026-02-23 21:41:33.347] [jointLog] [info] Counted 7,081,306 total reads in the equivalence classes 
[2026-02-23 21:41:33.350] [jointLog] [info] Number of mappings discarded because of alignment score : 100,884
[2026-02-23 21:41:33.350] [jointLog] [info] Number of fragments entirely discarded because of alignment score : 98,106
[2026-02-23 21:41:33.350] [jointLog] [info] Number of fragments discarded because they are best-mapped to decoys : 84,414
[2026-02-23 21:41:33.350] [jointLog] [info] Number of fragments discarded because they have only dovetail (discordant) mappings to valid targets : 0
[2026-02-23 21:41:33.350] [jointLog] [info] Mapping rate = 84.5473%

[2026-02-23 21:41:33.350] [jointLog] [info] finished quantifyLibrary()
[2026-02-23 21:41:33.351] [jointLog] [info] Starting optimizer
[2026-02-23 21:41:33.351] [jointLog] [info] Marked 0 weighted equivalence classes as degenerate
[2026-02-23 21:41:33.351] [jointLog] [info] iteration = 0 | max rel diff. = 30457.7
[2026-02-23 21:41:33.362] [jointLog] [info] iteration = 100 | max rel diff. = 0.0303789
[2026-02-23 21:41:33.372] [jointLog] [info] iteration = 184 | max rel diff. = 0.00699123
[2026-02-23 21:41:33.372] [jointLog] [info] Finished optimizer
[2026-02-23 21:41:33.372] [jointLog] [info] writing output 

